# Test rational and real arithmetic

# Multiline expression
4 + 0
+
5 - 1
+
-6
=
`2`,

# Rational arithmetic
48 / 32 + (100 / 70)^(6/3) = `347 / 98`,
2 / 3 - 5/7 = `-1 / 21`,
23 // (4/5) = `28`,
23 // (4 / 5) % (43 / 47) = `26 / 47`,

# Real arithmetic
-  1 + 2 *- 3.1 = `-7.2`,
67 ^ (2 / 3) * 67^-1 - 3.1 = `-2.8537884631009867`,
x: 2 ^ 1.1 ^ 1.01 ^ (23 % 2.1) = `2.1466832429584723`,
34 // 2.45 % x / 3 * 15 % -0.1 = `0.09950271124582952`,

# Equality
23 / 7 == 69 / 21 = `true`,
34.0 / 56 != 0.607142 = `true`,
3.14 == 3.13999999999 = `true`,
0 == 1 / 100000 = `false`,

# Ordering
-5 >= -5 = `true`,
3.4 > 5.6 = `false`,
2 / 4 <= 5 / 6 = `true`,
2.3 - 4 ^ 2 < -2 * 5 ^ 1.2 = `false`,

# Number unimplemented operators
2 && 3 = `Eval Error: Binary operator && not implemented between 2 and 3`,
-7 || 2.3 = `Eval Error: Binary operator || not implemented between -7 and 2.3`,
!3 = `Eval Error: Unary operator ! not implemented for type number`,
4 $ "a" = `Eval Error: Cannot call type number`,

