# Test prime number related functions

# Erroneous cases
num.prime_factors 4.32 = `Eval Error: Cannot cast number to integer type`,
num.divisors [1, 2] = `Eval Error: Expected number, but found array`,
num.radical (-13) = `Eval Error: Cannot cast number to integer type`,

# Prime number operations
num.primes 47 = `[2, 3, 5, 7, 11, 13, 17, 19, 23, 29, 31, 37, 41, 43, 47]`,
filter num.is_prime (range 0 47) = `[2, 3, 5, 7, 11, 13, 17, 19, 23, 29, 31, 37, 41, 43, 47]`,
num.prime_factors 73827 = `[[3, 2], [13, 1], [631, 1]]`,

# Square free operations
num.is_sqfree r = `true`, num.is_sqfree 60 = `false`,
r: num.radical (2^4 * 3^3 * 5^7 * 101) = `3030`,

# Other operations
map num.euler_totient (range 0 20) = `[1, 1, 1, 2, 2, 4, 2, 6, 4, 6, 4, 10, 4, 12, 6, 8, 8, 16, 6, 18, 8]`,
num.divisors 84 = `[1, 2, 4, 3, 6, 12, 7, 14, 28, 21, 42, 84]`,
sum $ (num.divisors x).map \d: d^2 = `6044143770`,
num.divisor_sum 2 (x: 67328) = `6044143770`,
filter num.is_perfect (range 0 10000) = `[6, 28, 496, 8128]`,

