# Test clearing of substitutions
y: 10, x: 56, z: 17,
x * y - z = ``,
x / y = ``,
z - x = ``

