# Tests multiline comments
# Tests for null constant
# Tests boolean arithmetic
# Tests string arithmetic

this #{ Check that
	multiline comments,
can be placed anytwhere
}# : {
	x : [ true + false #{ Try bolean arithmetic }# =  `true`
	,	"Hel" + "lo, " + "World!" # And string arithmetic
	= `"Hello, World!"`,
	null=`null`
]
}

