# Test Builtin Constants and Functions

v : 5 * pi * log(5,2)
sqrt(cos(v - 2*e) + 2) = 1.711364 

# Try to apply log
sc:abs(sin(word)
	+ cos(pi/v))

log(sc, 2) - log(
sin(1 / 2)  ,
word
)= 2.273173 

word : ln(e + pi)

# Should produce no expr errors
notdefined = ERR -5 
mything: undef_func(word, 67) = ERR -5 

