# Test user-defined functions

leV_el: Func(w, Func(w * w, 2.3, 4.5), cos(abs(w)))= -7.360680 
w :Func   (   1-xerg,ln(2),     3) * sqrt(xerg) = -22.360680 # Single call

  Func (a, bee, sea) : a + bee * sea // a - xerg

xerg: 1 - 2 * 3 + 50 / 5= 5 # A variable

# Incorrectly defined functions
Bad_fnc(x,) : x * xerg - w
noarg_FUNC  (): xerg ^ 2 * sin(w)

# Try to call variable
bad_call : xerg(1.34) =

leV_el * 3.4 = -25.026311 # Value works after

