# Test cls builtin package

# Erroneous statements
john.invalid_method = `Eval Error: Cannot call method invalid_method on type class instance`,
john % 23 = `Eval Error: Binary operator % not implemented between Person(John) and 23`,
x * 5 = `Eval Error: Binary operator * not implemented between NumStr(2, 'a') and 5`,

# Create constructors
Person: Class {
	clsname: "Person",
	THE_ANSWER: 42,
	CITY_CONSTANT: "New York",
	in_city p: (p.__data + " is in " + CITY_CONSTANT).print,

	__call p msg: (p.__data + " says '" + msg + "'").print,
    __str p: "Person(" + p.__data + ")",
	meet p1 p2: (p1.__data + " meets " + p2.__data).print,
},

NumStr: cls.Class {
    new n s: [n, s],
    nmb ns: ns 0, str ns: ns 1,
	nmb_pow ns p: ns.nmb ^ p,
    __call ns i: ns.__data i,

    __add ns1 ns2: ns1.new (ns1.nmb + ns2 0) (ns1 1 + ns2.str),
    __rmul ns i: ns.new (i * ns.nmb) (ns.str * i),
    __str ns: "NumStr(" + ns.nmb.str + ", '" + ns.str + "')",
},

# Test class constants
Person.clsname = `"Person"`,
Person.CITY_CONSTANT.print = `New York`,
Person.THE_ANSWER = `42`,


# Test instances
john: Person "John",
mary: Person "Mary",
john "Goodbye" = `John says 'Goodbye'`,
Person.meet john mary = `John meets Mary`,
mary.meet john = `Mary meets John`,
mary.in_city = `Mary is in New York`,

x: NumStr 2 "a", y: NumStr (-7) "c",
y.nmb_pow 2 = `49`,
x + y = `NumStr(-5, 'ac')`,
5 * x = `NumStr(10, 'aaaaa')`,

